Message1_Mymap1Entry mymap1
! Message2_Mymap2Entry
! Message3_Mymap3Entry
! Message4_Mymap4Entry
